// Vitest Snapshot v1, https://vitest.dev/guide/snapshot.html

exports[`response schema > returns 400 on validation error 1`] = `
{
  "code": "FST_ERR_VALIDATION",
  "error": "Bad Request",
  "message": "name is a required field",
  "statusCode": 400,
}
`;
